// Jest Snapshot v1, https://goo.gl/fbAQLP

exports[`<App /> should matche the snapshot 1`] = `
<div
  className="App"
>
  <div>
    <div
      className="nav-container"
    >
      <i
        className="fa fa-bars"
      />
      <p>
        NY Times Most Popular
      </p>
      <i
        className="fa fa-search"
      />
      <i
        className="fa fa-ellipsis-v"
      />
    </div>
  </div>
  <div />
</div>
`;
